Traceback (most recent call last):
  File "<frozen runpy>", line 198, in _run_module_as_main
  File "<frozen runpy>", line 88, in _run_code
  File "/Users/simar/Documents/UCR Research/MastersThesis/Thesis/ode/overfit_test.py", line 17, in <module>
    from lightning import Trainer
  File "/Users/simar/Documents/UCR Research/MastersThesis/venv/lib/python3.13/site-packages/lightning/__init__.py", line 18, in <module>
    from lightning.fabric.fabric import Fabric  # noqa: E402
    ^^^^^^^^^^^^^^^^^^^^^^^^^^^^^^^^^^^^^^^^^^
  File "/Users/simar/Documents/UCR Research/MastersThesis/venv/lib/python3.13/site-packages/lightning/fabric/__init__.py", line 35, in <module>
    from lightning.fabric.fabric import Fabric  # noqa: E402
    ^^^^^^^^^^^^^^^^^^^^^^^^^^^^^^^^^^^^^^^^^^
  File "/Users/simar/Documents/UCR Research/MastersThesis/venv/lib/python3.13/site-packages/lightning/fabric/fabric.py", line 39, in <module>
    from lightning.fabric.accelerators.accelerator import Accelerator
  File "/Users/simar/Documents/UCR Research/MastersThesis/venv/lib/python3.13/site-packages/lightning/fabric/accelerators/__init__.py", line 15, in <module>
    from lightning.fabric.accelerators.accelerator import Accelerator
  File "/Users/simar/Documents/UCR Research/MastersThesis/venv/lib/python3.13/site-packages/lightning/fabric/accelerators/accelerator.py", line 19, in <module>
    from lightning.fabric.accelerators.registry import _AcceleratorRegistry
  File "/Users/simar/Documents/UCR Research/MastersThesis/venv/lib/python3.13/site-packages/lightning/fabric/accelerators/registry.py", line 18, in <module>
    from lightning.fabric.utilities.exceptions import MisconfigurationException
  File "/Users/simar/Documents/UCR Research/MastersThesis/venv/lib/python3.13/site-packages/lightning/fabric/utilities/__init__.py", line 16, in <module>
    from lightning.fabric.utilities.apply_func import move_data_to_device
  File "/Users/simar/Documents/UCR Research/MastersThesis/venv/lib/python3.13/site-packages/lightning/fabric/utilities/apply_func.py", line 24, in <module>
    from lightning.fabric.utilities.imports import _NUMPY_AVAILABLE
  File "/Users/simar/Documents/UCR Research/MastersThesis/venv/lib/python3.13/site-packages/lightning/fabric/utilities/imports.py", line 41, in <module>
    _TORCHMETRICS_GREATER_EQUAL_1_0_0 = compare_version("torchmetrics", operator.ge, "1.0.0")
  File "/Users/simar/Documents/UCR Research/MastersThesis/venv/lib/python3.13/site-packages/lightning_utilities/core/imports.py", line 78, in compare_version
    pkg = importlib.import_module(package)
  File "/opt/homebrew/Cellar/python@3.13/3.13.1/Frameworks/Python.framework/Versions/3.13/lib/python3.13/importlib/__init__.py", line 88, in import_module
    return _bootstrap._gcd_import(name[level:], package, level)
           ~~~~~~~~~~~~~~~~~~~~~~^^^^^^^^^^^^^^^^^^^^^^^^^^^^^^
  File "/Users/simar/Documents/UCR Research/MastersThesis/venv/lib/python3.13/site-packages/torchmetrics/__init__.py", line 37, in <module>
    from torchmetrics import functional  # noqa: E402
    ^^^^^^^^^^^^^^^^^^^^^^^^^^^^^^^^^^^
  File "/Users/simar/Documents/UCR Research/MastersThesis/venv/lib/python3.13/site-packages/torchmetrics/functional/__init__.py", line 56, in <module>
    from torchmetrics.functional.image._deprecated import (
        _error_relative_global_dimensionless_synthesis as error_relative_global_dimensionless_synthesis,
    )
  File "/Users/simar/Documents/UCR Research/MastersThesis/venv/lib/python3.13/site-packages/torchmetrics/functional/image/__init__.py", line 14, in <module>
    from torchmetrics.functional.image.arniqa import arniqa
  File "/Users/simar/Documents/UCR Research/MastersThesis/venv/lib/python3.13/site-packages/torchmetrics/functional/image/arniqa.py", line 31, in <module>
    from torchvision import transforms
  File "/Users/simar/Documents/UCR Research/MastersThesis/venv/lib/python3.13/site-packages/torchvision/__init__.py", line 8, in <module>
  File "/Users/simar/Documents/UCR Research/MastersThesis/venv/lib/python3.13/site-packages/torchvision/models/__init__.py", line 2, in <module>
    from .convnext import *
  File "/Users/simar/Documents/UCR Research/MastersThesis/venv/lib/python3.13/site-packages/torchvision/models/convnext.py", line 9, in <module>
    from ..ops.misc import Conv2dNormActivation, Permute
  File "/Users/simar/Documents/UCR Research/MastersThesis/venv/lib/python3.13/site-packages/torchvision/ops/__init__.py", line 23, in <module>
    from .poolers import MultiScaleRoIAlign
  File "/Users/simar/Documents/UCR Research/MastersThesis/venv/lib/python3.13/site-packages/torchvision/ops/poolers.py", line 10, in <module>
    from .roi_align import roi_align
  File "/Users/simar/Documents/UCR Research/MastersThesis/venv/lib/python3.13/site-packages/torchvision/ops/roi_align.py", line 7, in <module>
    from torch._dynamo.utils import is_compile_supported
  File "/Users/simar/Documents/UCR Research/MastersThesis/venv/lib/python3.13/site-packages/torch/_dynamo/__init__.py", line 13, in <module>
    from . import (
    ...<6 lines>...
    )
  File "/Users/simar/Documents/UCR Research/MastersThesis/venv/lib/python3.13/site-packages/torch/_dynamo/aot_compile.py", line 15, in <module>
    from torch._dynamo.convert_frame import GraphRuntimeEnv
  File "/Users/simar/Documents/UCR Research/MastersThesis/venv/lib/python3.13/site-packages/torch/_dynamo/convert_frame.py", line 62, in <module>
    from torch._dynamo.symbolic_convert import TensorifyState
  File "/Users/simar/Documents/UCR Research/MastersThesis/venv/lib/python3.13/site-packages/torch/_dynamo/symbolic_convert.py", line 54, in <module>
    from torch._dynamo.exc import ObservedException, TensorifyScalarRestartAnalysis
  File "/Users/simar/Documents/UCR Research/MastersThesis/venv/lib/python3.13/site-packages/torch/_dynamo/exc.py", line 44, in <module>
    from .utils import counters
  File "/Users/simar/Documents/UCR Research/MastersThesis/venv/lib/python3.13/site-packages/torch/_dynamo/utils.py", line 70, in <module>
    import torch.fx.experimental.symbolic_shapes
  File "/Users/simar/Documents/UCR Research/MastersThesis/venv/lib/python3.13/site-packages/torch/fx/experimental/symbolic_shapes.py", line 3, in <module>
    import sympy
  File "/Users/simar/Documents/UCR Research/MastersThesis/venv/lib/python3.13/site-packages/sympy/__init__.py", line 260, in <module>
  File "/Users/simar/Documents/UCR Research/MastersThesis/venv/lib/python3.13/site-packages/sympy/plotting/__init__.py", line 1, in <module>
  File "/Users/simar/Documents/UCR Research/MastersThesis/venv/lib/python3.13/site-packages/sympy/plotting/plot.py", line 33, in <module>
  File "/Users/simar/Documents/UCR Research/MastersThesis/venv/lib/python3.13/site-packages/sympy/plotting/backends/matplotlibbackend/__init__.py", line 1, in <module>
  File "<frozen importlib._bootstrap>", line 1360, in _find_and_load
  File "<frozen importlib._bootstrap>", line 1331, in _find_and_load_unlocked
  File "<frozen importlib._bootstrap>", line 935, in _load_unlocked
  File "<frozen importlib._bootstrap_external>", line 1022, in exec_module
  File "<frozen importlib._bootstrap_external>", line 1159, in get_code
  File "<frozen importlib._bootstrap_external>", line 1218, in get_data
TimeoutError: [Errno 60] Operation timed out
